prestamour@CNA61841N233 MINGW64 ~/Documents/APEREZN/PagWebURosario (master)
$ git --version
git version 2.23.0.windows.1

prestamour@CNA61841N233 MINGW64 ~/Documents/APEREZN/PagWebURosario (master)
$ git init
Initialized empty Git repository in C:/Users/prestamour/Documents/APEREZN/PagWebURosario/.git/

prestamour@CNA61841N233 MINGW64 ~/Documents/APEREZN/PagWebURosario (master)
$ git status
On branch master

No commits yet

nothing to commit (create/copy files and use "git add" to track)

prestamour@CNA61841N233 MINGW64 ~/Documents/APEREZN/PagWebURosario (master)
$ git status
On branch master

No commits yet

Untracked files:
  (use "git add <file>..." to include in what will be committed)
        index.txt

nothing added to commit but untracked files present (use "git add" to track)

prestamour@CNA61841N233 MINGW64 ~/Documents/APEREZN/PagWebURosario (master)
$ git add index.txt

prestamour@CNA61841N233 MINGW64 ~/Documents/APEREZN/PagWebURosario (master)
$ git status
On branch master

No commits yet

Changes to be committed:
  (use "git rm --cached <file>..." to unstage)
        new file:   index.txt


prestamour@CNA61841N233 MINGW64 ~/Documents/APEREZN/PagWebURosario (master)
$ git commit -m "Creacion del Archivo Index.txt"
[master (root-commit) 29f5abb] Creacion del Archivo Index.txt
 Committer: Prestamo Estudiantes <prestamour@urosario.edu.co>
Your name and email address were configured automatically based
on your username and hostname. Please check that they are accurate.
You can suppress this message by setting them explicitly. Run the
following command and follow the instructions in your editor to edit
your configuration file:

    git config --global --edit

After doing this, you may fix the identity used for this commit with:

    git commit --amend --reset-author

 1 file changed, 0 insertions(+), 0 deletions(-)
 create mode 100644 index.txt

prestamour@CNA61841N233 MINGW64 ~/Documents/APEREZN/PagWebURosario (master)
$ git status
On branch master
nothing to commit, working tree clean

prestamour@CNA61841N233 MINGW64 ~/Documents/APEREZN/PagWebURosario (master)
$ git status
On branch master
Changes not staged for commit:
  (use "git add <file>..." to update what will be committed)
  (use "git restore <file>..." to discard changes in working directory)
        modified:   index.txt

no changes added to commit (use "git add" and/or "git commit -a")

prestamour@CNA61841N233 MINGW64 ~/Documents/APEREZN/PagWebURosario (master)
$ git add index.txt

prestamour@CNA61841N233 MINGW64 ~/Documents/APEREZN/PagWebURosario (master)
$ git status
On branch master
Changes to be committed:
  (use "git restore --staged <file>..." to unstage)
        modified:   index.txt


prestamour@CNA61841N233 MINGW64 ~/Documents/APEREZN/PagWebURosario (master)
$ git commit -m "Escritura Multilinea"
[master 17df043] Escritura Multilinea
 Committer: Prestamo Estudiantes <prestamour@urosario.edu.co>
Your name and email address were configured automatically based
on your username and hostname. Please check that they are accurate.
You can suppress this message by setting them explicitly. Run the
following command and follow the instructions in your editor to edit
your configuration file:

    git config --global --edit

After doing this, you may fix the identity used for this commit with:

    git commit --amend --reset-author

 1 file changed, 4 insertions(+)

prestamour@CNA61841N233 MINGW64 ~/Documents/APEREZN/PagWebURosario (master)
$ git log
commit 17df04366330dff5811ba06e9041450aa2ae357a (HEAD -> master)
Author: Prestamo Estudiantes <prestamour@urosario.edu.co>
Date:   Tue Sep 24 13:30:39 2019 -0500

    Escritura Multilinea

commit 29f5abb2a95f05901661c50b4092bd78ddba71f4
Author: Prestamo Estudiantes <prestamour@urosario.edu.co>
Date:   Tue Sep 24 11:57:33 2019 -0500

    Creacion del Archivo Index.txt

prestamour@CNA61841N233 MINGW64 ~/Documents/APEREZN/PagWebURosario (master)
$ git status
On branch master
nothing to commit, working tree clean

prestamour@CNA61841N233 MINGW64 ~/Documents/APEREZN/PagWebURosario (master)
$ git remote -v

prestamour@CNA61841N233 MINGW64 ~/Documents/APEREZN/PagWebURosario (master)
$ git remote add origin https://github.com/majash29/PagWebURosario.git

prestamour@CNA61841N233 MINGW64 ~/Documents/APEREZN/PagWebURosario (master)
$ git remote -v
origin  https://github.com/majash29/PagWebURosario.git (fetch)
origin  https://github.com/majash29/PagWebURosario.git (push)

prestamour@CNA61841N233 MINGW64 ~/Documents/APEREZN/PagWebURosario (master)
$ git push -u origin master
To https://github.com/majash29/PagWebURosario.git
 ! [rejected]        master -> master (fetch first)
error: failed to push some refs to 'https://github.com/majash29/PagWebURosario.g
hint: Updates were rejected because the remote contains work that you do
hint: not have locally. This is usually caused by another repository pushing
hint: to the same ref. You may want to first integrate the remote changes
hint: (e.g., 'git pull ...') before pushing again.
hint: See the 'Note about fast-forwards' in 'git push --help' for details.

prestamour@CNA61841N233 MINGW64 ~/Documents/APEREZN/PagWebURosario (master)
$ ^C

prestamour@CNA61841N233 MINGW64 ~/Documents/APEREZN/PagWebURosario (master)
$ git hhgggklcmdñlsjcñpd,.kdxs
git: 'hhgggklcmdñlsjcñpd,.kdxs' is not a git command. See 'git --help'.

prestamour@CNA61841N233 MINGW64 ~/Documents/APEREZN/PagWebURosario (master)
$

prestamour@CNA61841N233 MINGW64 ~/Documents/APEREZN/PagWebURosario (master)
$

prestamour@CNA61841N233 MINGW64 ~/Documents/APEREZN/PagWebURosario (master)
$

prestamour@CNA61841N233 MINGW64 ~/Documents/APEREZN/PagWebURosario (master)
$

prestamour@CNA61841N233 MINGW64 ~/Documents/APEREZN/PagWebURosario (master)
$

prestamour@CNA61841N233 MINGW64 ~/Documents/APEREZN/PagWebURosario (master)
$ git push -u origin master
To https://github.com/majash29/PagWebURosario.git
 ! [rejected]        master -> master (fetch first)
error: failed to push some refs to 'https://github.com/majash29/PagWebURosario.git'
hint: Updates were rejected because the remote contains work that you do
hint: not have locally. This is usually caused by another repository pushing
hint: to the same ref. You may want to first integrate the remote changes
hint: (e.g., 'git pull ...') before pushing again.
hint: See the 'Note about fast-forwards' in 'git push --help' for details.

prestamour@CNA61841N233 MINGW64 ~/Documents/APEREZN/PagWebURosario (master)
$ git status
On branch master
nothing to commit, working tree clean

prestamour@CNA61841N233 MINGW64 ~/Documents/APEREZN/PagWebURosario (master)
$ git pull
warning: no common commits
remote: Enumerating objects: 5, done.
remote: Counting objects: 100% (5/5), done.
remote: Compressing objects: 100% (2/2), done.
remote: Total 5 (delta 0), reused 0 (delta 0), pack-reused 0
Unpacking objects: 100% (5/5), done.
From https://github.com/majash29/PagWebURosario
 * [new branch]      master     -> origin/master
There is no tracking information for the current branch.
Please specify which branch you want to merge with.
See git-pull(1) for details.

    git pull <remote> <branch>

If you wish to set tracking information for this branch you can do so with:

    git branch --set-upstream-to=origin/<branch> master


prestamour@CNA61841N233 MINGW64 ~/Documents/APEREZN/PagWebURosario (master)
$ git pull origin master
From https://github.com/majash29/PagWebURosario
 * branch            master     -> FETCH_HEAD
fatal: refusing to merge unrelated histories

prestamour@CNA61841N233 MINGW64 ~/Documents/APEREZN/PagWebURosario (master)
$ git remote add origin https://github.com/majash29/PagWebURosario.git
fatal: remote origin already exists.

prestamour@CNA61841N233 MINGW64 ~/Documents/APEREZN/PagWebURosario (master)
$ git push -u origin master
Enumerating objects: 6, done.
Counting objects: 100% (6/6), done.
Delta compression using up to 4 threads
Compressing objects: 100% (3/3), done.
Writing objects: 100% (6/6), 492 bytes | 123.00 KiB/s, done.
Total 6 (delta 0), reused 0 (delta 0)
To https://github.com/majash29/PagWebURosario.git
 * [new branch]      master -> master
Branch 'master' set up to track remote branch 'master' from 'origin'.

prestamour@CNA61841N233 MINGW64 ~/Documents/APEREZN/PagWebURosario (master)
$
